==========================================================================
 INFININUM v2.0.0 - SYSTEM & HARDWARE REQUIREMENTS LOG
 LICENSED UNDER THE MIT LICENSE - COPYRIGHT (C) 2026 SHOCKS654
 TARGET ENGINE CORE ID: infininum [STABLE PRODUCTION PROFILE]
==========================================================================

[MINIMUM_SYSTEM_REQUIREMENTS]
- DISK_SPACE_LIMIT  : 1 MB (Actual package: ~400 KB | Storage footprint: ~810 KB)
- PHYSICAL_RAM      : 8 GB RAM
- OPERATING_SYSTEM  : Windows 7 / macOS 10.15 / Ubuntu 20.04 LTS
- SYSTEM_ARCH       : x86_64 or ARM64
- COMPILER_RUNTIME  : Python 3.8 / Node.js 16+ / .NET 6.0 / GCC 9+ (Linux), Clang (macOS), MSVC (Windows)

[RECOMMENDED_SYSTEM_REQUIREMENTS]
- DISK_SPACE_LIMIT  : 50 MB Free Space
- PHYSICAL_RAM      : 16 GB RAM
- CPU_HARDWARE      : Intel i5 / AMD Ryzen 5 / Apple M1, M2, M3
- SYSTEM_ARCH       : 64-bit Native
- OPERATING_SYSTEM  : Windows 10, 11 / macOS 14 / Ubuntu 24.04 LTS
- COMPILER_RUNTIME  : Python 3.11 / Node.js v20+ / .NET 8.0 / Rust 1.75+
- INTEGRATED_IDE    : VS Code / JetBrains Suite

==========================================================================
[TELEMETRY_LOG_STATUS]: HARDWARE MATRIX VERIFIED SUCCESFULLY AT 0.0S LATENCY.
